
> bude-community-dashboard@0.2.0 prebuild
> tsx scripts/get-theme.ts

No theme configured.

> bude-community-dashboard@0.2.0 build
> next build

Γû▓ Next.js 16.1.5 (Turbopack)

  Creating an optimized production build ...
Γ£ô Compiled successfully in 4.6s
  Running TypeScript ...
  Collecting page data using 15 workers ...
  Generating static pages using 15 workers (0/13) ...
  Generating static pages using 15 workers (3/13) 
  Generating static pages using 15 workers (6/13) 
  Generating static pages using 15 workers (9/13) 
node.exe : Failed to load releases 
data Error: ENOENT: no such file 
or directory, open 'C:\Github\bude-
community-dashboard\public\releases
\releases.json'
At C:\laragon\bin\nodejs\node-v23\n
pm.ps1:29 char:3
+   & $NODE_EXE $NPM_CLI_JS $args
+   ~~~~~~~~~~~~~~~~~~~~~~~~~~~~~
    + CategoryInfo          : NotS 
   pecified: (Failed to load ...\  
  releases.json':String) [], Rem   
 oteException
    + FullyQualifiedErrorId : Nati 
   veCommandError
 
    at async e (C:\Github\bude-comm
unity-dashboard\.next\server\chunks
\ssr\[root-of-the-server]__0a9a3f4f
._.js:1:1541)
    at async g (C:\Github\bude-comm
unity-dashboard\.next\server\chunks
\ssr\[root-of-the-server]__0a9a3f4f
._.js:1:1707) {
  errno: -4058,
  code: 'ENOENT',
  syscall: 'open',
  path: 'C:\\Github\\bude-community
-dashboard\\public\\releases\\relea
ses.json'
}
Γ£ô Generating static pages using 15 workers (13/13) in 1024.2ms
  Finalizing page optimization ...

Route (app)
Γöî Γùï /
Γö£ Γùï /_not-found
Γö£ Γùï /analytics
Γö£ ╞Æ /api/analytics
Γö£ ╞Æ /api/people
Γö£ Γùï /leaderboard
Γö£ ╞Æ /leaderboard/[period]
Γö£ Γùï /people
Γöö Γùï /releases


Γùï  (Static)   prerendered as static content
╞Æ  (Dynamic)  server-rendered on demand

